Archive member included to satisfy reference by file (symbol)

C:/avr-gcc-15.2.0-x64-windows/bin/../lib/gcc/avr/15.2.0/avr5\libgcc.a(_divmodhi4.o)
                              main.o (__divmodhi4)
C:/avr-gcc-15.2.0-x64-windows/bin/../lib/gcc/avr/15.2.0/avr5\libgcc.a(_exit.o)
                              C:/avr-gcc-15.2.0-x64-windows/bin/../lib/gcc/avr/15.2.0/../../../../avr/lib/avr5/crtatmega328p.o (exit)
C:/avr-gcc-15.2.0-x64-windows/bin/../lib/gcc/avr/15.2.0/avr5\libgcc.a(_copy_data.o)
                              main.o (__do_copy_data)
C:/avr-gcc-15.2.0-x64-windows/bin/../lib/gcc/avr/15.2.0/avr5\libgcc.a(_clear_bss.o)
                              lcd.o (__do_clear_bss)
C:/avr-gcc-15.2.0-x64-windows/bin/../lib/gcc/avr/15.2.0/avr5\libgcc.a(_udivmodhi4.o)
                              C:/avr-gcc-15.2.0-x64-windows/bin/../lib/gcc/avr/15.2.0/avr5\libgcc.a(_divmodhi4.o) (__udivmodhi4)
C:/avr-gcc-15.2.0-x64-windows/bin/../lib/gcc/avr/15.2.0/../../../../avr/lib/avr5\libc.a(rand.o)
                              main.o (rand)
C:/avr-gcc-15.2.0-x64-windows/bin/../lib/gcc/avr/15.2.0/../../../../avr/lib/avr5\libc.a(strncpy.o)
                              main.o (strncpy)
C:/avr-gcc-15.2.0-x64-windows/bin/../lib/gcc/avr/15.2.0/../../../../avr/lib/avr5\libc.a(vsnprintf.o)
                              lcd.o (vsnprintf)
C:/avr-gcc-15.2.0-x64-windows/bin/../lib/gcc/avr/15.2.0/../../../../avr/lib/avr5\libc.a(vfprintf_std.o)
                              C:/avr-gcc-15.2.0-x64-windows/bin/../lib/gcc/avr/15.2.0/../../../../avr/lib/avr5\libc.a(vsnprintf.o) (vfprintf)
C:/avr-gcc-15.2.0-x64-windows/bin/../lib/gcc/avr/15.2.0/../../../../avr/lib/avr5\libc.a(strnlen_P.o)
                              C:/avr-gcc-15.2.0-x64-windows/bin/../lib/gcc/avr/15.2.0/../../../../avr/lib/avr5\libc.a(vfprintf_std.o) (strnlen_P)
C:/avr-gcc-15.2.0-x64-windows/bin/../lib/gcc/avr/15.2.0/../../../../avr/lib/avr5\libc.a(strnlen.o)
                              C:/avr-gcc-15.2.0-x64-windows/bin/../lib/gcc/avr/15.2.0/../../../../avr/lib/avr5\libc.a(vfprintf_std.o) (strnlen)
C:/avr-gcc-15.2.0-x64-windows/bin/../lib/gcc/avr/15.2.0/../../../../avr/lib/avr5\libc.a(fputc.o)
                              C:/avr-gcc-15.2.0-x64-windows/bin/../lib/gcc/avr/15.2.0/../../../../avr/lib/avr5\libc.a(vfprintf_std.o) (fputc)
C:/avr-gcc-15.2.0-x64-windows/bin/../lib/gcc/avr/15.2.0/../../../../avr/lib/avr5\libc.a(ultoa_invert.o)
                              C:/avr-gcc-15.2.0-x64-windows/bin/../lib/gcc/avr/15.2.0/../../../../avr/lib/avr5\libc.a(vfprintf_std.o) (__ultoa_invert)
C:/avr-gcc-15.2.0-x64-windows/bin/../lib/gcc/avr/15.2.0/avr5\libgcc.a(_divmodsi4.o)
                              C:/avr-gcc-15.2.0-x64-windows/bin/../lib/gcc/avr/15.2.0/../../../../avr/lib/avr5\libc.a(rand.o) (__divmodsi4)
C:/avr-gcc-15.2.0-x64-windows/bin/../lib/gcc/avr/15.2.0/avr5\libgcc.a(_negsi2.o)
                              C:/avr-gcc-15.2.0-x64-windows/bin/../lib/gcc/avr/15.2.0/../../../../avr/lib/avr5\libc.a(vfprintf_std.o) (__negsi2)
C:/avr-gcc-15.2.0-x64-windows/bin/../lib/gcc/avr/15.2.0/avr5\libgcc.a(_muluhisi3.o)
                              C:/avr-gcc-15.2.0-x64-windows/bin/../lib/gcc/avr/15.2.0/../../../../avr/lib/avr5\libc.a(rand.o) (__muluhisi3)
C:/avr-gcc-15.2.0-x64-windows/bin/../lib/gcc/avr/15.2.0/avr5\libgcc.a(_mulshisi3.o)
                              C:/avr-gcc-15.2.0-x64-windows/bin/../lib/gcc/avr/15.2.0/../../../../avr/lib/avr5\libc.a(rand.o) (__mulohisi3)
C:/avr-gcc-15.2.0-x64-windows/bin/../lib/gcc/avr/15.2.0/avr5\libgcc.a(_prologue.o)
                              C:/avr-gcc-15.2.0-x64-windows/bin/../lib/gcc/avr/15.2.0/../../../../avr/lib/avr5\libc.a(rand.o) (__prologue_saves__)
C:/avr-gcc-15.2.0-x64-windows/bin/../lib/gcc/avr/15.2.0/avr5\libgcc.a(_epilogue.o)
                              C:/avr-gcc-15.2.0-x64-windows/bin/../lib/gcc/avr/15.2.0/../../../../avr/lib/avr5\libc.a(rand.o) (__epilogue_restores__)
C:/avr-gcc-15.2.0-x64-windows/bin/../lib/gcc/avr/15.2.0/avr5\libgcc.a(_umulhisi3.o)
                              C:/avr-gcc-15.2.0-x64-windows/bin/../lib/gcc/avr/15.2.0/avr5\libgcc.a(_muluhisi3.o) (__umulhisi3)
C:/avr-gcc-15.2.0-x64-windows/bin/../lib/gcc/avr/15.2.0/avr5\libgcc.a(_udivmodsi4.o)
                              C:/avr-gcc-15.2.0-x64-windows/bin/../lib/gcc/avr/15.2.0/avr5\libgcc.a(_divmodsi4.o) (__udivmodsi4)

There are no discarded input sections

Memory Configuration

Name             Origin             Length             Attributes
text             0x00000000         0x00008000         xr
data             0x00800100         0x00000800         rw!x
eeprom           0x00810000         0x00000400         rw!x
fuse             0x00820000         0x00000003         rw!x
lock             0x00830000         0x00000400         rw!x
signature        0x00840000         0x00000400         rw!x
user_signatures  0x00850000         0x00000400         rw!x
*default*        0x00000000         0xffffffff

Linker script and memory map

Address of section .data set to 0x800100
LOAD C:/avr-gcc-15.2.0-x64-windows/bin/../lib/gcc/avr/15.2.0/../../../../avr/lib/avr5/crtatmega328p.o
LOAD main.o
LOAD lcd.o
START GROUP
LOAD C:/avr-gcc-15.2.0-x64-windows/bin/../lib/gcc/avr/15.2.0/avr5\libgcc.a
LOAD C:/avr-gcc-15.2.0-x64-windows/bin/../lib/gcc/avr/15.2.0/../../../../avr/lib/avr5\libm.a
LOAD C:/avr-gcc-15.2.0-x64-windows/bin/../lib/gcc/avr/15.2.0/../../../../avr/lib/avr5\libc.a
LOAD C:/avr-gcc-15.2.0-x64-windows/bin/../lib/gcc/avr/15.2.0/../../../../avr/lib/avr5\libatmega328p.a
END GROUP
                [0x00000000]                      __TEXT_REGION_ORIGIN__ = DEFINED (__TEXT_REGION_ORIGIN__)?__TEXT_REGION_ORIGIN__:0x0
                [0x00008000]                      __TEXT_REGION_LENGTH__ = DEFINED (__TEXT_REGION_LENGTH__)?__TEXT_REGION_LENGTH__:0x20000
                [0x00800100]                      __DATA_REGION_ORIGIN__ = DEFINED (__DATA_REGION_ORIGIN__)?__DATA_REGION_ORIGIN__:0x800060
                [0x00000800]                      __DATA_REGION_LENGTH__ = DEFINED (__DATA_REGION_LENGTH__)?__DATA_REGION_LENGTH__:0xffa0
                [0x00000400]                      __EEPROM_REGION_LENGTH__ = DEFINED (__EEPROM_REGION_LENGTH__)?__EEPROM_REGION_LENGTH__:0x10000
                [0x00000003]                      __FUSE_REGION_LENGTH__ = DEFINED (__FUSE_REGION_LENGTH__)?__FUSE_REGION_LENGTH__:0x400
                0x00000400                        __LOCK_REGION_LENGTH__ = DEFINED (__LOCK_REGION_LENGTH__)?__LOCK_REGION_LENGTH__:0x400
                0x00000400                        __SIGNATURE_REGION_LENGTH__ = DEFINED (__SIGNATURE_REGION_LENGTH__)?__SIGNATURE_REGION_LENGTH__:0x400
                0x00000400                        __USER_SIGNATURE_REGION_LENGTH__ = DEFINED (__USER_SIGNATURE_REGION_LENGTH__)?__USER_SIGNATURE_REGION_LENGTH__:0x400

.hash
 *(.hash)

.dynsym
 *(.dynsym)

.dynstr
 *(.dynstr)

.gnu.version
 *(.gnu.version)

.gnu.version_d
 *(.gnu.version_d)

.gnu.version_r
 *(.gnu.version_r)

.rel.init
 *(.rel.init)

.rela.init
 *(.rela.init)

.rel.text
 *(.rel.text)
 *(.rel.text.*)
 *(.rel.gnu.linkonce.t*)

.rela.text
 *(.rela.text)
 *(.rela.text.*)
 *(.rela.gnu.linkonce.t*)

.rel.fini
 *(.rel.fini)

.rela.fini
 *(.rela.fini)

.rel.rodata
 *(.rel.rodata)
 *(.rel.rodata.*)
 *(.rel.gnu.linkonce.r*)

.rela.rodata
 *(.rela.rodata)
 *(.rela.rodata.*)
 *(.rela.gnu.linkonce.r*)

.rel.data
 *(.rel.data)
 *(.rel.data.*)
 *(.rel.gnu.linkonce.d*)

.rela.data
 *(.rela.data)
 *(.rela.data.*)
 *(.rela.gnu.linkonce.d*)

.rel.ctors
 *(.rel.ctors)

.rela.ctors
 *(.rela.ctors)

.rel.dtors
 *(.rel.dtors)

.rela.dtors
 *(.rela.dtors)

.rel.got
 *(.rel.got)

.rela.got
 *(.rela.got)

.rel.bss
 *(.rel.bss)

.rela.bss
 *(.rela.bss)

.rel.plt
 *(.rel.plt)

.rela.plt
 *(.rela.plt)

.text           0x00000000      0xe78
 *(.vectors)
 .vectors       0x00000000       0x68 C:/avr-gcc-15.2.0-x64-windows/bin/../lib/gcc/avr/15.2.0/../../../../avr/lib/avr5/crtatmega328p.o
                0x00000000                __vector_default
                0x00000000                __vectors
 *(.vectors)
                0x00000068                        __progmem_start = .
 *(.progmem)
 *(.progmem.*)
                0x00000068                        __progmem_end = .
                0x00000001                        ASSERT (((__progmem_start == __progmem_end) || (__progmem_end <= 0x10000)), .progmem section exceeds 0x10000)
                0x00000068                        . = ALIGN (0x2)
                0x00000068                        __trampolines_start = .
 *(.trampolines)
 .trampolines   0x00000068        0x0 linker stubs
 *(.trampolines*)
                0x00000068                        __trampolines_end = .
                0x00000068                        . = ALIGN (0x2)
 *(.lowtext)
 *(.lowtext*)
                0x00000068                        __ctors_start = .
 *(.ctors)
                0x00000068                        __ctors_end = .
                0x00000068                        __dtors_start = .
 *(.dtors)
                0x00000068                        __dtors_end = .
 SORT_BY_NAME(*)(.ctors)
 SORT_BY_NAME(*)(.dtors)
 *(.init0)
 .init0         0x00000068        0x0 C:/avr-gcc-15.2.0-x64-windows/bin/../lib/gcc/avr/15.2.0/../../../../avr/lib/avr5/crtatmega328p.o
                0x00000068                __init
 *(.init0)
 *(.init1)
 *(.init1)
 *(.init2)
 .init2         0x00000068        0xc C:/avr-gcc-15.2.0-x64-windows/bin/../lib/gcc/avr/15.2.0/../../../../avr/lib/avr5/crtatmega328p.o
 *(.init2)
 *(.init3)
 *(.init3)
 *(.init4)
 .init4         0x00000074       0x16 C:/avr-gcc-15.2.0-x64-windows/bin/../lib/gcc/avr/15.2.0/avr5\libgcc.a(_copy_data.o)
                0x00000074                __do_copy_data
 .init4         0x0000008a       0x10 C:/avr-gcc-15.2.0-x64-windows/bin/../lib/gcc/avr/15.2.0/avr5\libgcc.a(_clear_bss.o)
                0x0000008a                __do_clear_bss
 *(.init4)
 *(.init5)
 *(.init5)
 *(.init6)
 *(.init6)
 *(.init7)
 *(.init7)
 *(.init8)
 *(.init8)
 *(.init9)
 .init9         0x0000009a        0x8 C:/avr-gcc-15.2.0-x64-windows/bin/../lib/gcc/avr/15.2.0/../../../../avr/lib/avr5/crtatmega328p.o
 *(.init9)
 *(.text)
 .text          0x000000a2        0x4 C:/avr-gcc-15.2.0-x64-windows/bin/../lib/gcc/avr/15.2.0/../../../../avr/lib/avr5/crtatmega328p.o
                0x000000a2                __vector_22
                0x000000a2                __vector_1
                0x000000a2                __vector_24
                0x000000a2                __vector_12
                0x000000a2                __bad_interrupt
                0x000000a2                __vector_6
                0x000000a2                __vector_3
                0x000000a2                __vector_23
                0x000000a2                __vector_25
                0x000000a2                __vector_11
                0x000000a2                __vector_13
                0x000000a2                __vector_17
                0x000000a2                __vector_19
                0x000000a2                __vector_7
                0x000000a2                __vector_5
                0x000000a2                __vector_4
                0x000000a2                __vector_9
                0x000000a2                __vector_2
                0x000000a2                __vector_21
                0x000000a2                __vector_15
                0x000000a2                __vector_8
                0x000000a2                __vector_14
                0x000000a2                __vector_10
                0x000000a2                __vector_16
                0x000000a2                __vector_18
                0x000000a2                __vector_20
 .text          0x000000a6      0x1e4 main.o
                0x000000a6                show_message
                0x00000108                scroll_message
                0x0000024c                init_random
                0x00000254                weighted_pick
 .text          0x0000028a      0x30c lcd.o
                0x0000028a                lcd_write_nibble
                0x000002aa                lcd_send
                0x000002d6                lcd_command
                0x000002dc                lcd_write
                0x000002e2                lcd_on
                0x000002f4                lcd_off
                0x00000304                lcd_clear
                0x00000318                lcd_init
                0x000003ba                lcd_return_home
                0x000003ce                lcd_enable_blinking
                0x000003e0                lcd_disable_blinking
                0x000003f0                lcd_enable_cursor
                0x00000402                lcd_disable_cursor
                0x00000412                lcd_scroll_left
                0x00000418                lcd_scroll_right
                0x0000041e                lcd_set_left_to_right
                0x00000430                lcd_set_right_to_left
                0x00000440                lcd_enable_autoscroll
                0x00000452                lcd_disable_autoscroll
                0x00000462                lcd_create_char
                0x0000049a                lcd_set_cursor
                0x000004ac                swedish_parser
                0x00000508                lcd_puts
                0x0000054c                lcd_printf
 .text          0x00000596        0x0 C:/avr-gcc-15.2.0-x64-windows/bin/../lib/gcc/avr/15.2.0/avr5\libgcc.a(_divmodhi4.o)
 .text          0x00000596        0x0 C:/avr-gcc-15.2.0-x64-windows/bin/../lib/gcc/avr/15.2.0/avr5\libgcc.a(_exit.o)
 .text          0x00000596        0x0 C:/avr-gcc-15.2.0-x64-windows/bin/../lib/gcc/avr/15.2.0/avr5\libgcc.a(_copy_data.o)
 .text          0x00000596        0x0 C:/avr-gcc-15.2.0-x64-windows/bin/../lib/gcc/avr/15.2.0/avr5\libgcc.a(_clear_bss.o)
 .text          0x00000596        0x0 C:/avr-gcc-15.2.0-x64-windows/bin/../lib/gcc/avr/15.2.0/avr5\libgcc.a(_udivmodhi4.o)
 .text          0x00000596        0x0 C:/avr-gcc-15.2.0-x64-windows/bin/../lib/gcc/avr/15.2.0/../../../../avr/lib/avr5\libc.a(rand.o)
 .text          0x00000596        0x0 C:/avr-gcc-15.2.0-x64-windows/bin/../lib/gcc/avr/15.2.0/../../../../avr/lib/avr5\libc.a(strncpy.o)
 .text          0x00000596        0x0 C:/avr-gcc-15.2.0-x64-windows/bin/../lib/gcc/avr/15.2.0/../../../../avr/lib/avr5\libc.a(vsnprintf.o)
 .text          0x00000596        0x0 C:/avr-gcc-15.2.0-x64-windows/bin/../lib/gcc/avr/15.2.0/../../../../avr/lib/avr5\libc.a(vfprintf_std.o)
 .text          0x00000596        0x0 C:/avr-gcc-15.2.0-x64-windows/bin/../lib/gcc/avr/15.2.0/../../../../avr/lib/avr5\libc.a(strnlen_P.o)
 .text          0x00000596        0x0 C:/avr-gcc-15.2.0-x64-windows/bin/../lib/gcc/avr/15.2.0/../../../../avr/lib/avr5\libc.a(strnlen.o)
 .text          0x00000596        0x0 C:/avr-gcc-15.2.0-x64-windows/bin/../lib/gcc/avr/15.2.0/../../../../avr/lib/avr5\libc.a(fputc.o)
 .text          0x00000596        0x0 C:/avr-gcc-15.2.0-x64-windows/bin/../lib/gcc/avr/15.2.0/../../../../avr/lib/avr5\libc.a(ultoa_invert.o)
 .text          0x00000596        0x0 C:/avr-gcc-15.2.0-x64-windows/bin/../lib/gcc/avr/15.2.0/avr5\libgcc.a(_divmodsi4.o)
 .text          0x00000596        0x0 C:/avr-gcc-15.2.0-x64-windows/bin/../lib/gcc/avr/15.2.0/avr5\libgcc.a(_negsi2.o)
 .text          0x00000596        0x0 C:/avr-gcc-15.2.0-x64-windows/bin/../lib/gcc/avr/15.2.0/avr5\libgcc.a(_muluhisi3.o)
 .text          0x00000596        0x0 C:/avr-gcc-15.2.0-x64-windows/bin/../lib/gcc/avr/15.2.0/avr5\libgcc.a(_mulshisi3.o)
 .text          0x00000596        0x0 C:/avr-gcc-15.2.0-x64-windows/bin/../lib/gcc/avr/15.2.0/avr5\libgcc.a(_prologue.o)
 .text          0x00000596        0x0 C:/avr-gcc-15.2.0-x64-windows/bin/../lib/gcc/avr/15.2.0/avr5\libgcc.a(_epilogue.o)
 .text          0x00000596        0x0 C:/avr-gcc-15.2.0-x64-windows/bin/../lib/gcc/avr/15.2.0/avr5\libgcc.a(_umulhisi3.o)
 .text          0x00000596        0x0 C:/avr-gcc-15.2.0-x64-windows/bin/../lib/gcc/avr/15.2.0/avr5\libgcc.a(_udivmodsi4.o)
                0x00000596                        . = ALIGN (0x2)
 *(.text.*)
 .text.startup  0x00000596       0xf6 main.o
                0x00000596                main
 .text.libgcc.mul
                0x0000068c        0x0 C:/avr-gcc-15.2.0-x64-windows/bin/../lib/gcc/avr/15.2.0/avr5\libgcc.a(_divmodhi4.o)
 .text.libgcc.div
                0x0000068c       0x28 C:/avr-gcc-15.2.0-x64-windows/bin/../lib/gcc/avr/15.2.0/avr5\libgcc.a(_divmodhi4.o)
                0x0000068c                _div
                0x0000068c                __divmodhi4
 .text.libgcc   0x000006b4        0x0 C:/avr-gcc-15.2.0-x64-windows/bin/../lib/gcc/avr/15.2.0/avr5\libgcc.a(_divmodhi4.o)
 .text.libgcc.prologue
                0x000006b4        0x0 C:/avr-gcc-15.2.0-x64-windows/bin/../lib/gcc/avr/15.2.0/avr5\libgcc.a(_divmodhi4.o)
 .text.libgcc.builtins
                0x000006b4        0x0 C:/avr-gcc-15.2.0-x64-windows/bin/../lib/gcc/avr/15.2.0/avr5\libgcc.a(_divmodhi4.o)
 .text.libgcc.fmul
                0x000006b4        0x0 C:/avr-gcc-15.2.0-x64-windows/bin/../lib/gcc/avr/15.2.0/avr5\libgcc.a(_divmodhi4.o)
 .text.libgcc.fixed
                0x000006b4        0x0 C:/avr-gcc-15.2.0-x64-windows/bin/../lib/gcc/avr/15.2.0/avr5\libgcc.a(_divmodhi4.o)
 .text.libgcc.mul
                0x000006b4        0x0 C:/avr-gcc-15.2.0-x64-windows/bin/../lib/gcc/avr/15.2.0/avr5\libgcc.a(_exit.o)
 .text.libgcc.div
                0x000006b4        0x0 C:/avr-gcc-15.2.0-x64-windows/bin/../lib/gcc/avr/15.2.0/avr5\libgcc.a(_exit.o)
 .text.libgcc   0x000006b4        0x0 C:/avr-gcc-15.2.0-x64-windows/bin/../lib/gcc/avr/15.2.0/avr5\libgcc.a(_exit.o)
 .text.libgcc.prologue
                0x000006b4        0x0 C:/avr-gcc-15.2.0-x64-windows/bin/../lib/gcc/avr/15.2.0/avr5\libgcc.a(_exit.o)
 .text.libgcc.builtins
                0x000006b4        0x0 C:/avr-gcc-15.2.0-x64-windows/bin/../lib/gcc/avr/15.2.0/avr5\libgcc.a(_exit.o)
 .text.libgcc.fmul
                0x000006b4        0x0 C:/avr-gcc-15.2.0-x64-windows/bin/../lib/gcc/avr/15.2.0/avr5\libgcc.a(_exit.o)
 .text.libgcc.fixed
                0x000006b4        0x0 C:/avr-gcc-15.2.0-x64-windows/bin/../lib/gcc/avr/15.2.0/avr5\libgcc.a(_exit.o)
 .text.libgcc.mul
                0x000006b4        0x0 C:/avr-gcc-15.2.0-x64-windows/bin/../lib/gcc/avr/15.2.0/avr5\libgcc.a(_copy_data.o)
 .text.libgcc.div
                0x000006b4        0x0 C:/avr-gcc-15.2.0-x64-windows/bin/../lib/gcc/avr/15.2.0/avr5\libgcc.a(_copy_data.o)
 .text.libgcc   0x000006b4        0x0 C:/avr-gcc-15.2.0-x64-windows/bin/../lib/gcc/avr/15.2.0/avr5\libgcc.a(_copy_data.o)
 .text.libgcc.prologue
                0x000006b4        0x0 C:/avr-gcc-15.2.0-x64-windows/bin/../lib/gcc/avr/15.2.0/avr5\libgcc.a(_copy_data.o)
 .text.libgcc.builtins
                0x000006b4        0x0 C:/avr-gcc-15.2.0-x64-windows/bin/../lib/gcc/avr/15.2.0/avr5\libgcc.a(_copy_data.o)
 .text.libgcc.fmul
                0x000006b4        0x0 C:/avr-gcc-15.2.0-x64-windows/bin/../lib/gcc/avr/15.2.0/avr5\libgcc.a(_copy_data.o)
 .text.libgcc.fixed
                0x000006b4        0x0 C:/avr-gcc-15.2.0-x64-windows/bin/../lib/gcc/avr/15.2.0/avr5\libgcc.a(_copy_data.o)
 .text.libgcc.mul
                0x000006b4        0x0 C:/avr-gcc-15.2.0-x64-windows/bin/../lib/gcc/avr/15.2.0/avr5\libgcc.a(_clear_bss.o)
 .text.libgcc.div
                0x000006b4        0x0 C:/avr-gcc-15.2.0-x64-windows/bin/../lib/gcc/avr/15.2.0/avr5\libgcc.a(_clear_bss.o)
 .text.libgcc   0x000006b4        0x0 C:/avr-gcc-15.2.0-x64-windows/bin/../lib/gcc/avr/15.2.0/avr5\libgcc.a(_clear_bss.o)
 .text.libgcc.prologue
                0x000006b4        0x0 C:/avr-gcc-15.2.0-x64-windows/bin/../lib/gcc/avr/15.2.0/avr5\libgcc.a(_clear_bss.o)
 .text.libgcc.builtins
                0x000006b4        0x0 C:/avr-gcc-15.2.0-x64-windows/bin/../lib/gcc/avr/15.2.0/avr5\libgcc.a(_clear_bss.o)
 .text.libgcc.fmul
                0x000006b4        0x0 C:/avr-gcc-15.2.0-x64-windows/bin/../lib/gcc/avr/15.2.0/avr5\libgcc.a(_clear_bss.o)
 .text.libgcc.fixed
                0x000006b4        0x0 C:/avr-gcc-15.2.0-x64-windows/bin/../lib/gcc/avr/15.2.0/avr5\libgcc.a(_clear_bss.o)
 .text.libgcc.mul
                0x000006b4        0x0 C:/avr-gcc-15.2.0-x64-windows/bin/../lib/gcc/avr/15.2.0/avr5\libgcc.a(_udivmodhi4.o)
 .text.libgcc.div
                0x000006b4       0x28 C:/avr-gcc-15.2.0-x64-windows/bin/../lib/gcc/avr/15.2.0/avr5\libgcc.a(_udivmodhi4.o)
                0x000006b4                __udivmodhi4
 .text.libgcc   0x000006dc        0x0 C:/avr-gcc-15.2.0-x64-windows/bin/../lib/gcc/avr/15.2.0/avr5\libgcc.a(_udivmodhi4.o)
 .text.libgcc.prologue
                0x000006dc        0x0 C:/avr-gcc-15.2.0-x64-windows/bin/../lib/gcc/avr/15.2.0/avr5\libgcc.a(_udivmodhi4.o)
 .text.libgcc.builtins
                0x000006dc        0x0 C:/avr-gcc-15.2.0-x64-windows/bin/../lib/gcc/avr/15.2.0/avr5\libgcc.a(_udivmodhi4.o)
 .text.libgcc.fmul
                0x000006dc        0x0 C:/avr-gcc-15.2.0-x64-windows/bin/../lib/gcc/avr/15.2.0/avr5\libgcc.a(_udivmodhi4.o)
 .text.libgcc.fixed
                0x000006dc        0x0 C:/avr-gcc-15.2.0-x64-windows/bin/../lib/gcc/avr/15.2.0/avr5\libgcc.a(_udivmodhi4.o)
 .text.avr-libc
                0x000006dc       0xb8 C:/avr-gcc-15.2.0-x64-windows/bin/../lib/gcc/avr/15.2.0/../../../../avr/lib/avr5\libc.a(rand.o)
                0x00000772                rand_r
                0x00000778                rand
                0x00000782                srand
 .text.avr-libc
                0x00000794       0x1e C:/avr-gcc-15.2.0-x64-windows/bin/../lib/gcc/avr/15.2.0/../../../../avr/lib/avr5\libc.a(strncpy.o)
                0x00000794                strncpy
 .text.avr-libc
                0x000007b2       0x5a C:/avr-gcc-15.2.0-x64-windows/bin/../lib/gcc/avr/15.2.0/../../../../avr/lib/avr5\libc.a(vsnprintf.o)
                0x000007b2                vsnprintf
 .text.avr-libc
                0x0000080c      0x3ca C:/avr-gcc-15.2.0-x64-windows/bin/../lib/gcc/avr/15.2.0/../../../../avr/lib/avr5\libc.a(vfprintf_std.o)
                0x0000080c                vfprintf
 .text.avr-libc
                0x00000bd6       0x16 C:/avr-gcc-15.2.0-x64-windows/bin/../lib/gcc/avr/15.2.0/../../../../avr/lib/avr5\libc.a(strnlen_P.o)
                0x00000bd6                strnlen_P
 .text.avr-libc
                0x00000bec       0x16 C:/avr-gcc-15.2.0-x64-windows/bin/../lib/gcc/avr/15.2.0/../../../../avr/lib/avr5\libc.a(strnlen.o)
                0x00000bec                strnlen
 .text.avr-libc
                0x00000c02       0x82 C:/avr-gcc-15.2.0-x64-windows/bin/../lib/gcc/avr/15.2.0/../../../../avr/lib/avr5\libc.a(fputc.o)
                0x00000c02                fputc
 .text.avr-libc
                0x00000c84       0xbc C:/avr-gcc-15.2.0-x64-windows/bin/../lib/gcc/avr/15.2.0/../../../../avr/lib/avr5\libc.a(ultoa_invert.o)
                0x00000c84                __ultoa_invert
 .text.libgcc.mul
                0x00000d40        0x0 C:/avr-gcc-15.2.0-x64-windows/bin/../lib/gcc/avr/15.2.0/avr5\libgcc.a(_divmodsi4.o)
 .text.libgcc.div
                0x00000d40       0x2e C:/avr-gcc-15.2.0-x64-windows/bin/../lib/gcc/avr/15.2.0/avr5\libgcc.a(_divmodsi4.o)
                0x00000d40                __divmodsi4
 .text.libgcc   0x00000d6e        0x0 C:/avr-gcc-15.2.0-x64-windows/bin/../lib/gcc/avr/15.2.0/avr5\libgcc.a(_divmodsi4.o)
 .text.libgcc.prologue
                0x00000d6e        0x0 C:/avr-gcc-15.2.0-x64-windows/bin/../lib/gcc/avr/15.2.0/avr5\libgcc.a(_divmodsi4.o)
 .text.libgcc.builtins
                0x00000d6e        0x0 C:/avr-gcc-15.2.0-x64-windows/bin/../lib/gcc/avr/15.2.0/avr5\libgcc.a(_divmodsi4.o)
 .text.libgcc.fmul
                0x00000d6e        0x0 C:/avr-gcc-15.2.0-x64-windows/bin/../lib/gcc/avr/15.2.0/avr5\libgcc.a(_divmodsi4.o)
 .text.libgcc.fixed
                0x00000d6e        0x0 C:/avr-gcc-15.2.0-x64-windows/bin/../lib/gcc/avr/15.2.0/avr5\libgcc.a(_divmodsi4.o)
 .text.libgcc.mul
                0x00000d6e        0x0 C:/avr-gcc-15.2.0-x64-windows/bin/../lib/gcc/avr/15.2.0/avr5\libgcc.a(_negsi2.o)
 .text.libgcc.div
                0x00000d6e       0x10 C:/avr-gcc-15.2.0-x64-windows/bin/../lib/gcc/avr/15.2.0/avr5\libgcc.a(_negsi2.o)
                0x00000d6e                __negsi2
 .text.libgcc   0x00000d7e        0x0 C:/avr-gcc-15.2.0-x64-windows/bin/../lib/gcc/avr/15.2.0/avr5\libgcc.a(_negsi2.o)
 .text.libgcc.prologue
                0x00000d7e        0x0 C:/avr-gcc-15.2.0-x64-windows/bin/../lib/gcc/avr/15.2.0/avr5\libgcc.a(_negsi2.o)
 .text.libgcc.builtins
                0x00000d7e        0x0 C:/avr-gcc-15.2.0-x64-windows/bin/../lib/gcc/avr/15.2.0/avr5\libgcc.a(_negsi2.o)
 .text.libgcc.fmul
                0x00000d7e        0x0 C:/avr-gcc-15.2.0-x64-windows/bin/../lib/gcc/avr/15.2.0/avr5\libgcc.a(_negsi2.o)
 .text.libgcc.fixed
                0x00000d7e        0x0 C:/avr-gcc-15.2.0-x64-windows/bin/../lib/gcc/avr/15.2.0/avr5\libgcc.a(_negsi2.o)
 .text.libgcc.mul
                0x00000d7e       0x16 C:/avr-gcc-15.2.0-x64-windows/bin/../lib/gcc/avr/15.2.0/avr5\libgcc.a(_muluhisi3.o)
                0x00000d7e                __muluhisi3
 .text.libgcc.div
                0x00000d94        0x0 C:/avr-gcc-15.2.0-x64-windows/bin/../lib/gcc/avr/15.2.0/avr5\libgcc.a(_muluhisi3.o)
 .text.libgcc   0x00000d94        0x0 C:/avr-gcc-15.2.0-x64-windows/bin/../lib/gcc/avr/15.2.0/avr5\libgcc.a(_muluhisi3.o)
 .text.libgcc.prologue
                0x00000d94        0x0 C:/avr-gcc-15.2.0-x64-windows/bin/../lib/gcc/avr/15.2.0/avr5\libgcc.a(_muluhisi3.o)
 .text.libgcc.builtins
                0x00000d94        0x0 C:/avr-gcc-15.2.0-x64-windows/bin/../lib/gcc/avr/15.2.0/avr5\libgcc.a(_muluhisi3.o)
 .text.libgcc.fmul
                0x00000d94        0x0 C:/avr-gcc-15.2.0-x64-windows/bin/../lib/gcc/avr/15.2.0/avr5\libgcc.a(_muluhisi3.o)
 .text.libgcc.fixed
                0x00000d94        0x0 C:/avr-gcc-15.2.0-x64-windows/bin/../lib/gcc/avr/15.2.0/avr5\libgcc.a(_muluhisi3.o)
 .text.libgcc.mul
                0x00000d94       0x10 C:/avr-gcc-15.2.0-x64-windows/bin/../lib/gcc/avr/15.2.0/avr5\libgcc.a(_mulshisi3.o)
                0x00000d94                __mulshisi3
                0x00000d9a                __mulohisi3
 .text.libgcc.div
                0x00000da4        0x0 C:/avr-gcc-15.2.0-x64-windows/bin/../lib/gcc/avr/15.2.0/avr5\libgcc.a(_mulshisi3.o)
 .text.libgcc   0x00000da4        0x0 C:/avr-gcc-15.2.0-x64-windows/bin/../lib/gcc/avr/15.2.0/avr5\libgcc.a(_mulshisi3.o)
 .text.libgcc.prologue
                0x00000da4        0x0 C:/avr-gcc-15.2.0-x64-windows/bin/../lib/gcc/avr/15.2.0/avr5\libgcc.a(_mulshisi3.o)
 .text.libgcc.builtins
                0x00000da4        0x0 C:/avr-gcc-15.2.0-x64-windows/bin/../lib/gcc/avr/15.2.0/avr5\libgcc.a(_mulshisi3.o)
 .text.libgcc.fmul
                0x00000da4        0x0 C:/avr-gcc-15.2.0-x64-windows/bin/../lib/gcc/avr/15.2.0/avr5\libgcc.a(_mulshisi3.o)
 .text.libgcc.fixed
                0x00000da4        0x0 C:/avr-gcc-15.2.0-x64-windows/bin/../lib/gcc/avr/15.2.0/avr5\libgcc.a(_mulshisi3.o)
 .text.libgcc.mul
                0x00000da4        0x0 C:/avr-gcc-15.2.0-x64-windows/bin/../lib/gcc/avr/15.2.0/avr5\libgcc.a(_prologue.o)
 .text.libgcc.div
                0x00000da4        0x0 C:/avr-gcc-15.2.0-x64-windows/bin/../lib/gcc/avr/15.2.0/avr5\libgcc.a(_prologue.o)
 .text.libgcc   0x00000da4        0x0 C:/avr-gcc-15.2.0-x64-windows/bin/../lib/gcc/avr/15.2.0/avr5\libgcc.a(_prologue.o)
 .text.libgcc.prologue
                0x00000da4       0x38 C:/avr-gcc-15.2.0-x64-windows/bin/../lib/gcc/avr/15.2.0/avr5\libgcc.a(_prologue.o)
                0x00000da4                __prologue_saves__
 .text.libgcc.builtins
                0x00000ddc        0x0 C:/avr-gcc-15.2.0-x64-windows/bin/../lib/gcc/avr/15.2.0/avr5\libgcc.a(_prologue.o)
 .text.libgcc.fmul
                0x00000ddc        0x0 C:/avr-gcc-15.2.0-x64-windows/bin/../lib/gcc/avr/15.2.0/avr5\libgcc.a(_prologue.o)
 .text.libgcc.fixed
                0x00000ddc        0x0 C:/avr-gcc-15.2.0-x64-windows/bin/../lib/gcc/avr/15.2.0/avr5\libgcc.a(_prologue.o)
 .text.libgcc.mul
                0x00000ddc        0x0 C:/avr-gcc-15.2.0-x64-windows/bin/../lib/gcc/avr/15.2.0/avr5\libgcc.a(_epilogue.o)
 .text.libgcc.div
                0x00000ddc        0x0 C:/avr-gcc-15.2.0-x64-windows/bin/../lib/gcc/avr/15.2.0/avr5\libgcc.a(_epilogue.o)
 .text.libgcc   0x00000ddc        0x0 C:/avr-gcc-15.2.0-x64-windows/bin/../lib/gcc/avr/15.2.0/avr5\libgcc.a(_epilogue.o)
 .text.libgcc.prologue
                0x00000ddc       0x36 C:/avr-gcc-15.2.0-x64-windows/bin/../lib/gcc/avr/15.2.0/avr5\libgcc.a(_epilogue.o)
                0x00000ddc                __epilogue_restores__
 .text.libgcc.builtins
                0x00000e12        0x0 C:/avr-gcc-15.2.0-x64-windows/bin/../lib/gcc/avr/15.2.0/avr5\libgcc.a(_epilogue.o)
 .text.libgcc.fmul
                0x00000e12        0x0 C:/avr-gcc-15.2.0-x64-windows/bin/../lib/gcc/avr/15.2.0/avr5\libgcc.a(_epilogue.o)
 .text.libgcc.fixed
                0x00000e12        0x0 C:/avr-gcc-15.2.0-x64-windows/bin/../lib/gcc/avr/15.2.0/avr5\libgcc.a(_epilogue.o)
 .text.libgcc.mul
                0x00000e12       0x1e C:/avr-gcc-15.2.0-x64-windows/bin/../lib/gcc/avr/15.2.0/avr5\libgcc.a(_umulhisi3.o)
                0x00000e12                __umulhisi3
 .text.libgcc.div
                0x00000e30        0x0 C:/avr-gcc-15.2.0-x64-windows/bin/../lib/gcc/avr/15.2.0/avr5\libgcc.a(_umulhisi3.o)
 .text.libgcc   0x00000e30        0x0 C:/avr-gcc-15.2.0-x64-windows/bin/../lib/gcc/avr/15.2.0/avr5\libgcc.a(_umulhisi3.o)
 .text.libgcc.prologue
                0x00000e30        0x0 C:/avr-gcc-15.2.0-x64-windows/bin/../lib/gcc/avr/15.2.0/avr5\libgcc.a(_umulhisi3.o)
 .text.libgcc.builtins
                0x00000e30        0x0 C:/avr-gcc-15.2.0-x64-windows/bin/../lib/gcc/avr/15.2.0/avr5\libgcc.a(_umulhisi3.o)
 .text.libgcc.fmul
                0x00000e30        0x0 C:/avr-gcc-15.2.0-x64-windows/bin/../lib/gcc/avr/15.2.0/avr5\libgcc.a(_umulhisi3.o)
 .text.libgcc.fixed
                0x00000e30        0x0 C:/avr-gcc-15.2.0-x64-windows/bin/../lib/gcc/avr/15.2.0/avr5\libgcc.a(_umulhisi3.o)
 .text.libgcc.mul
                0x00000e30        0x0 C:/avr-gcc-15.2.0-x64-windows/bin/../lib/gcc/avr/15.2.0/avr5\libgcc.a(_udivmodsi4.o)
 .text.libgcc.div
                0x00000e30       0x44 C:/avr-gcc-15.2.0-x64-windows/bin/../lib/gcc/avr/15.2.0/avr5\libgcc.a(_udivmodsi4.o)
                0x00000e30                __udivmodsi4
 .text.libgcc   0x00000e74        0x0 C:/avr-gcc-15.2.0-x64-windows/bin/../lib/gcc/avr/15.2.0/avr5\libgcc.a(_udivmodsi4.o)
 .text.libgcc.prologue
                0x00000e74        0x0 C:/avr-gcc-15.2.0-x64-windows/bin/../lib/gcc/avr/15.2.0/avr5\libgcc.a(_udivmodsi4.o)
 .text.libgcc.builtins
                0x00000e74        0x0 C:/avr-gcc-15.2.0-x64-windows/bin/../lib/gcc/avr/15.2.0/avr5\libgcc.a(_udivmodsi4.o)
 .text.libgcc.fmul
                0x00000e74        0x0 C:/avr-gcc-15.2.0-x64-windows/bin/../lib/gcc/avr/15.2.0/avr5\libgcc.a(_udivmodsi4.o)
 .text.libgcc.fixed
                0x00000e74        0x0 C:/avr-gcc-15.2.0-x64-windows/bin/../lib/gcc/avr/15.2.0/avr5\libgcc.a(_udivmodsi4.o)
                0x00000e74                        . = ALIGN (0x2)
 *(.fini9)
 .fini9         0x00000e74        0x0 C:/avr-gcc-15.2.0-x64-windows/bin/../lib/gcc/avr/15.2.0/avr5\libgcc.a(_exit.o)
                0x00000e74                _exit
                0x00000e74                exit
 *(.fini9)
 *(.fini8)
 *(.fini8)
 *(.fini7)
 *(.fini7)
 *(.fini6)
 *(.fini6)
 *(.fini5)
 *(.fini5)
 *(.fini4)
 *(.fini4)
 *(.fini3)
 *(.fini3)
 *(.fini2)
 *(.fini2)
 *(.fini1)
 *(.fini1)
 *(.fini0)
 .fini0         0x00000e74        0x4 C:/avr-gcc-15.2.0-x64-windows/bin/../lib/gcc/avr/15.2.0/avr5\libgcc.a(_exit.o)
 *(.fini0)
 *(.hightext)
 *(.hightext*)
 *(.progmemx)
 *(.progmemx.*)
                0x00000e78                        . = ALIGN (0x2)
 *(.jumptables)
 *(.jumptables*)
                0x00000e78                        _etext = .

.data           0x00800100      0x10c load address 0x00000e78
                0x00800100                        PROVIDE (__data_start = .)
 *(.data)
 .data          0x00800100        0x0 C:/avr-gcc-15.2.0-x64-windows/bin/../lib/gcc/avr/15.2.0/../../../../avr/lib/avr5/crtatmega328p.o
 .data          0x00800100       0x14 main.o
                0x00800100                iot_msg
                0x00800102                langben_msgs
                0x00800106                petter_msgs
                0x0080010a                anka_msgs
                0x0080010e                harry_msgs
 .data          0x00800114        0x0 lcd.o
 .data          0x00800114        0x0 C:/avr-gcc-15.2.0-x64-windows/bin/../lib/gcc/avr/15.2.0/avr5\libgcc.a(_divmodhi4.o)
 .data          0x00800114        0x0 C:/avr-gcc-15.2.0-x64-windows/bin/../lib/gcc/avr/15.2.0/avr5\libgcc.a(_exit.o)
 .data          0x00800114        0x0 C:/avr-gcc-15.2.0-x64-windows/bin/../lib/gcc/avr/15.2.0/avr5\libgcc.a(_copy_data.o)
 .data          0x00800114        0x0 C:/avr-gcc-15.2.0-x64-windows/bin/../lib/gcc/avr/15.2.0/avr5\libgcc.a(_clear_bss.o)
 .data          0x00800114        0x0 C:/avr-gcc-15.2.0-x64-windows/bin/../lib/gcc/avr/15.2.0/avr5\libgcc.a(_udivmodhi4.o)
 .data          0x00800114        0x4 C:/avr-gcc-15.2.0-x64-windows/bin/../lib/gcc/avr/15.2.0/../../../../avr/lib/avr5\libc.a(rand.o)
 .data          0x00800118        0x0 C:/avr-gcc-15.2.0-x64-windows/bin/../lib/gcc/avr/15.2.0/../../../../avr/lib/avr5\libc.a(strncpy.o)
 .data          0x00800118        0x0 C:/avr-gcc-15.2.0-x64-windows/bin/../lib/gcc/avr/15.2.0/../../../../avr/lib/avr5\libc.a(vsnprintf.o)
 .data          0x00800118        0x0 C:/avr-gcc-15.2.0-x64-windows/bin/../lib/gcc/avr/15.2.0/../../../../avr/lib/avr5\libc.a(vfprintf_std.o)
 .data          0x00800118        0x0 C:/avr-gcc-15.2.0-x64-windows/bin/../lib/gcc/avr/15.2.0/../../../../avr/lib/avr5\libc.a(strnlen_P.o)
 .data          0x00800118        0x0 C:/avr-gcc-15.2.0-x64-windows/bin/../lib/gcc/avr/15.2.0/../../../../avr/lib/avr5\libc.a(strnlen.o)
 .data          0x00800118        0x0 C:/avr-gcc-15.2.0-x64-windows/bin/../lib/gcc/avr/15.2.0/../../../../avr/lib/avr5\libc.a(fputc.o)
 .data          0x00800118        0x0 C:/avr-gcc-15.2.0-x64-windows/bin/../lib/gcc/avr/15.2.0/../../../../avr/lib/avr5\libc.a(ultoa_invert.o)
 .data          0x00800118        0x0 C:/avr-gcc-15.2.0-x64-windows/bin/../lib/gcc/avr/15.2.0/avr5\libgcc.a(_divmodsi4.o)
 .data          0x00800118        0x0 C:/avr-gcc-15.2.0-x64-windows/bin/../lib/gcc/avr/15.2.0/avr5\libgcc.a(_negsi2.o)
 .data          0x00800118        0x0 C:/avr-gcc-15.2.0-x64-windows/bin/../lib/gcc/avr/15.2.0/avr5\libgcc.a(_muluhisi3.o)
 .data          0x00800118        0x0 C:/avr-gcc-15.2.0-x64-windows/bin/../lib/gcc/avr/15.2.0/avr5\libgcc.a(_mulshisi3.o)
 .data          0x00800118        0x0 C:/avr-gcc-15.2.0-x64-windows/bin/../lib/gcc/avr/15.2.0/avr5\libgcc.a(_prologue.o)
 .data          0x00800118        0x0 C:/avr-gcc-15.2.0-x64-windows/bin/../lib/gcc/avr/15.2.0/avr5\libgcc.a(_epilogue.o)
 .data          0x00800118        0x0 C:/avr-gcc-15.2.0-x64-windows/bin/../lib/gcc/avr/15.2.0/avr5\libgcc.a(_umulhisi3.o)
 .data          0x00800118        0x0 C:/avr-gcc-15.2.0-x64-windows/bin/../lib/gcc/avr/15.2.0/avr5\libgcc.a(_udivmodsi4.o)
 *(.data*)
 *(.gnu.linkonce.d*)
 *(.rodata)
 .rodata        0x00800118        0xa main.o
                0x00800118                weights
 .rodata        0x00800122        0x4 lcd.o
 *(.rodata*)
 .rodata.str1.1
                0x00800126       0xe5 main.o
 *(.gnu.linkonce.r*)
                0x0080020c                        . = ALIGN (0x2)
 *fill*         0x0080020b        0x1 
                0x0080020c                        _edata = .
                0x0080020c                        PROVIDE (__data_end = .)

.bss            0x0080020c       0x12
                0x0080020c                        PROVIDE (__bss_start = .)
 *(.bss)
 .bss           0x0080020c        0x0 C:/avr-gcc-15.2.0-x64-windows/bin/../lib/gcc/avr/15.2.0/../../../../avr/lib/avr5/crtatmega328p.o
 .bss           0x0080020c        0x0 main.o
 .bss           0x0080020c       0x12 lcd.o
 .bss           0x0080021e        0x0 C:/avr-gcc-15.2.0-x64-windows/bin/../lib/gcc/avr/15.2.0/avr5\libgcc.a(_divmodhi4.o)
 .bss           0x0080021e        0x0 C:/avr-gcc-15.2.0-x64-windows/bin/../lib/gcc/avr/15.2.0/avr5\libgcc.a(_exit.o)
 .bss           0x0080021e        0x0 C:/avr-gcc-15.2.0-x64-windows/bin/../lib/gcc/avr/15.2.0/avr5\libgcc.a(_copy_data.o)
 .bss           0x0080021e        0x0 C:/avr-gcc-15.2.0-x64-windows/bin/../lib/gcc/avr/15.2.0/avr5\libgcc.a(_clear_bss.o)
 .bss           0x0080021e        0x0 C:/avr-gcc-15.2.0-x64-windows/bin/../lib/gcc/avr/15.2.0/avr5\libgcc.a(_udivmodhi4.o)
 .bss           0x0080021e        0x0 C:/avr-gcc-15.2.0-x64-windows/bin/../lib/gcc/avr/15.2.0/../../../../avr/lib/avr5\libc.a(rand.o)
 .bss           0x0080021e        0x0 C:/avr-gcc-15.2.0-x64-windows/bin/../lib/gcc/avr/15.2.0/../../../../avr/lib/avr5\libc.a(strncpy.o)
 .bss           0x0080021e        0x0 C:/avr-gcc-15.2.0-x64-windows/bin/../lib/gcc/avr/15.2.0/../../../../avr/lib/avr5\libc.a(vsnprintf.o)
 .bss           0x0080021e        0x0 C:/avr-gcc-15.2.0-x64-windows/bin/../lib/gcc/avr/15.2.0/../../../../avr/lib/avr5\libc.a(vfprintf_std.o)
 .bss           0x0080021e        0x0 C:/avr-gcc-15.2.0-x64-windows/bin/../lib/gcc/avr/15.2.0/../../../../avr/lib/avr5\libc.a(strnlen_P.o)
 .bss           0x0080021e        0x0 C:/avr-gcc-15.2.0-x64-windows/bin/../lib/gcc/avr/15.2.0/../../../../avr/lib/avr5\libc.a(strnlen.o)
 .bss           0x0080021e        0x0 C:/avr-gcc-15.2.0-x64-windows/bin/../lib/gcc/avr/15.2.0/../../../../avr/lib/avr5\libc.a(fputc.o)
 .bss           0x0080021e        0x0 C:/avr-gcc-15.2.0-x64-windows/bin/../lib/gcc/avr/15.2.0/../../../../avr/lib/avr5\libc.a(ultoa_invert.o)
 .bss           0x0080021e        0x0 C:/avr-gcc-15.2.0-x64-windows/bin/../lib/gcc/avr/15.2.0/avr5\libgcc.a(_divmodsi4.o)
 .bss           0x0080021e        0x0 C:/avr-gcc-15.2.0-x64-windows/bin/../lib/gcc/avr/15.2.0/avr5\libgcc.a(_negsi2.o)
 .bss           0x0080021e        0x0 C:/avr-gcc-15.2.0-x64-windows/bin/../lib/gcc/avr/15.2.0/avr5\libgcc.a(_muluhisi3.o)
 .bss           0x0080021e        0x0 C:/avr-gcc-15.2.0-x64-windows/bin/../lib/gcc/avr/15.2.0/avr5\libgcc.a(_mulshisi3.o)
 .bss           0x0080021e        0x0 C:/avr-gcc-15.2.0-x64-windows/bin/../lib/gcc/avr/15.2.0/avr5\libgcc.a(_prologue.o)
 .bss           0x0080021e        0x0 C:/avr-gcc-15.2.0-x64-windows/bin/../lib/gcc/avr/15.2.0/avr5\libgcc.a(_epilogue.o)
 .bss           0x0080021e        0x0 C:/avr-gcc-15.2.0-x64-windows/bin/../lib/gcc/avr/15.2.0/avr5\libgcc.a(_umulhisi3.o)
 .bss           0x0080021e        0x0 C:/avr-gcc-15.2.0-x64-windows/bin/../lib/gcc/avr/15.2.0/avr5\libgcc.a(_udivmodsi4.o)
 *(.bss*)
 *(COMMON)
                0x0080021e                        PROVIDE (__bss_end = .)
                0x00000e78                        __data_load_start = LOADADDR (.data)
                0x00000f84                        __data_load_end = (__data_load_start + SIZEOF (.data))

.noinit         0x0080021e        0x0
                [!provide]                        PROVIDE (__noinit_start = .)
 *(.noinit .noinit.* .gnu.linkonce.n.*)
                [!provide]                        PROVIDE (__noinit_end = .)
                0x0080021e                        _end = .
                [!provide]                        PROVIDE (__heap_start = .)
                0x00000000                        __flmap_init_label = DEFINED (__flmap_noinit_start)?__flmap_noinit_start:0x0
                0x00000000                        __flmap = DEFINED (__flmap)?__flmap:0x0

.eeprom         0x00810000        0x0
 *(.eeprom*)
                0x00810000                        __eeprom_end = .

.fuse
 *(.fuse)
 *(.lfuse)
 *(.hfuse)
 *(.efuse)

.lock
 *(.lock*)

.signature
 *(.signature*)

.stab
 *(.stab)

.stabstr
 *(.stabstr)

.stab.excl
 *(.stab.excl)

.stab.exclstr
 *(.stab.exclstr)

.stab.index
 *(.stab.index)

.stab.indexstr
 *(.stab.indexstr)

.comment        0x00000000       0x12
 *(.comment)
 .comment       0x00000000       0x12 main.o
                                 0x13 (size before relaxing)
 .comment       0x00000012        0x0 lcd.o
                                 0x13 (size before relaxing)
 .comment       0x00000012        0x0 C:/avr-gcc-15.2.0-x64-windows/bin/../lib/gcc/avr/15.2.0/../../../../avr/lib/avr5\libc.a(rand.o)
                                 0x13 (size before relaxing)
 .comment       0x00000012        0x0 C:/avr-gcc-15.2.0-x64-windows/bin/../lib/gcc/avr/15.2.0/../../../../avr/lib/avr5\libc.a(vsnprintf.o)
                                 0x13 (size before relaxing)
 .comment       0x00000012        0x0 C:/avr-gcc-15.2.0-x64-windows/bin/../lib/gcc/avr/15.2.0/../../../../avr/lib/avr5\libc.a(vfprintf_std.o)
                                 0x13 (size before relaxing)
 .comment       0x00000012        0x0 C:/avr-gcc-15.2.0-x64-windows/bin/../lib/gcc/avr/15.2.0/../../../../avr/lib/avr5\libc.a(fputc.o)
                                 0x13 (size before relaxing)

.note.gnu.avr.deviceinfo
                0x00000000       0x40
 .note.gnu.avr.deviceinfo
                0x00000000       0x40 C:/avr-gcc-15.2.0-x64-windows/bin/../lib/gcc/avr/15.2.0/../../../../avr/lib/avr5/crtatmega328p.o

.gnu.build.attributes
 *(.gnu.build.attributes .gnu.build.attributes.*)

.note.gnu.build-id
 *(.note.gnu.build-id)

.debug
 *(.debug)

.line
 *(.line)

.debug_srcinfo
 *(.debug_srcinfo)

.debug_sfnames
 *(.debug_sfnames)

.debug_aranges  0x00000000      0x1a0
 *(.debug_aranges)
 .debug_aranges
                0x00000000       0x20 C:/avr-gcc-15.2.0-x64-windows/bin/../lib/gcc/avr/15.2.0/avr5\libgcc.a(_divmodhi4.o)
 .debug_aranges
                0x00000020       0x20 C:/avr-gcc-15.2.0-x64-windows/bin/../lib/gcc/avr/15.2.0/avr5\libgcc.a(_exit.o)
 .debug_aranges
                0x00000040       0x20 C:/avr-gcc-15.2.0-x64-windows/bin/../lib/gcc/avr/15.2.0/avr5\libgcc.a(_copy_data.o)
 .debug_aranges
                0x00000060       0x20 C:/avr-gcc-15.2.0-x64-windows/bin/../lib/gcc/avr/15.2.0/avr5\libgcc.a(_clear_bss.o)
 .debug_aranges
                0x00000080       0x20 C:/avr-gcc-15.2.0-x64-windows/bin/../lib/gcc/avr/15.2.0/avr5\libgcc.a(_udivmodhi4.o)
 .debug_aranges
                0x000000a0       0x20 C:/avr-gcc-15.2.0-x64-windows/bin/../lib/gcc/avr/15.2.0/avr5\libgcc.a(_divmodsi4.o)
 .debug_aranges
                0x000000c0       0x20 C:/avr-gcc-15.2.0-x64-windows/bin/../lib/gcc/avr/15.2.0/avr5\libgcc.a(_negsi2.o)
 .debug_aranges
                0x000000e0       0x20 C:/avr-gcc-15.2.0-x64-windows/bin/../lib/gcc/avr/15.2.0/avr5\libgcc.a(_muluhisi3.o)
 .debug_aranges
                0x00000100       0x20 C:/avr-gcc-15.2.0-x64-windows/bin/../lib/gcc/avr/15.2.0/avr5\libgcc.a(_mulshisi3.o)
 .debug_aranges
                0x00000120       0x20 C:/avr-gcc-15.2.0-x64-windows/bin/../lib/gcc/avr/15.2.0/avr5\libgcc.a(_prologue.o)
 .debug_aranges
                0x00000140       0x20 C:/avr-gcc-15.2.0-x64-windows/bin/../lib/gcc/avr/15.2.0/avr5\libgcc.a(_epilogue.o)
 .debug_aranges
                0x00000160       0x20 C:/avr-gcc-15.2.0-x64-windows/bin/../lib/gcc/avr/15.2.0/avr5\libgcc.a(_umulhisi3.o)
 .debug_aranges
                0x00000180       0x20 C:/avr-gcc-15.2.0-x64-windows/bin/../lib/gcc/avr/15.2.0/avr5\libgcc.a(_udivmodsi4.o)

.debug_pubnames
 *(.debug_pubnames)

.debug_info     0x00000000      0x7c8
 *(.debug_info .gnu.linkonce.wi.*)
 .debug_info    0x00000000      0x5f4 C:/avr-gcc-15.2.0-x64-windows/bin/../lib/gcc/avr/15.2.0/../../../../avr/lib/avr5/crtatmega328p.o
 .debug_info    0x000005f4       0x24 C:/avr-gcc-15.2.0-x64-windows/bin/../lib/gcc/avr/15.2.0/avr5\libgcc.a(_divmodhi4.o)
 .debug_info    0x00000618       0x24 C:/avr-gcc-15.2.0-x64-windows/bin/../lib/gcc/avr/15.2.0/avr5\libgcc.a(_exit.o)
 .debug_info    0x0000063c       0x24 C:/avr-gcc-15.2.0-x64-windows/bin/../lib/gcc/avr/15.2.0/avr5\libgcc.a(_copy_data.o)
 .debug_info    0x00000660       0x24 C:/avr-gcc-15.2.0-x64-windows/bin/../lib/gcc/avr/15.2.0/avr5\libgcc.a(_clear_bss.o)
 .debug_info    0x00000684       0x24 C:/avr-gcc-15.2.0-x64-windows/bin/../lib/gcc/avr/15.2.0/avr5\libgcc.a(_udivmodhi4.o)
 .debug_info    0x000006a8       0x24 C:/avr-gcc-15.2.0-x64-windows/bin/../lib/gcc/avr/15.2.0/avr5\libgcc.a(_divmodsi4.o)
 .debug_info    0x000006cc       0x24 C:/avr-gcc-15.2.0-x64-windows/bin/../lib/gcc/avr/15.2.0/avr5\libgcc.a(_negsi2.o)
 .debug_info    0x000006f0       0x24 C:/avr-gcc-15.2.0-x64-windows/bin/../lib/gcc/avr/15.2.0/avr5\libgcc.a(_muluhisi3.o)
 .debug_info    0x00000714       0x24 C:/avr-gcc-15.2.0-x64-windows/bin/../lib/gcc/avr/15.2.0/avr5\libgcc.a(_mulshisi3.o)
 .debug_info    0x00000738       0x24 C:/avr-gcc-15.2.0-x64-windows/bin/../lib/gcc/avr/15.2.0/avr5\libgcc.a(_prologue.o)
 .debug_info    0x0000075c       0x24 C:/avr-gcc-15.2.0-x64-windows/bin/../lib/gcc/avr/15.2.0/avr5\libgcc.a(_epilogue.o)
 .debug_info    0x00000780       0x24 C:/avr-gcc-15.2.0-x64-windows/bin/../lib/gcc/avr/15.2.0/avr5\libgcc.a(_umulhisi3.o)
 .debug_info    0x000007a4       0x24 C:/avr-gcc-15.2.0-x64-windows/bin/../lib/gcc/avr/15.2.0/avr5\libgcc.a(_udivmodsi4.o)

.debug_abbrev   0x00000000      0x6a6
 *(.debug_abbrev)
 .debug_abbrev  0x00000000      0x5a2 C:/avr-gcc-15.2.0-x64-windows/bin/../lib/gcc/avr/15.2.0/../../../../avr/lib/avr5/crtatmega328p.o
 .debug_abbrev  0x000005a2       0x14 C:/avr-gcc-15.2.0-x64-windows/bin/../lib/gcc/avr/15.2.0/avr5\libgcc.a(_divmodhi4.o)
 .debug_abbrev  0x000005b6       0x14 C:/avr-gcc-15.2.0-x64-windows/bin/../lib/gcc/avr/15.2.0/avr5\libgcc.a(_exit.o)
 .debug_abbrev  0x000005ca       0x14 C:/avr-gcc-15.2.0-x64-windows/bin/../lib/gcc/avr/15.2.0/avr5\libgcc.a(_copy_data.o)
 .debug_abbrev  0x000005de       0x14 C:/avr-gcc-15.2.0-x64-windows/bin/../lib/gcc/avr/15.2.0/avr5\libgcc.a(_clear_bss.o)
 .debug_abbrev  0x000005f2       0x14 C:/avr-gcc-15.2.0-x64-windows/bin/../lib/gcc/avr/15.2.0/avr5\libgcc.a(_udivmodhi4.o)
 .debug_abbrev  0x00000606       0x14 C:/avr-gcc-15.2.0-x64-windows/bin/../lib/gcc/avr/15.2.0/avr5\libgcc.a(_divmodsi4.o)
 .debug_abbrev  0x0000061a       0x14 C:/avr-gcc-15.2.0-x64-windows/bin/../lib/gcc/avr/15.2.0/avr5\libgcc.a(_negsi2.o)
 .debug_abbrev  0x0000062e       0x14 C:/avr-gcc-15.2.0-x64-windows/bin/../lib/gcc/avr/15.2.0/avr5\libgcc.a(_muluhisi3.o)
 .debug_abbrev  0x00000642       0x14 C:/avr-gcc-15.2.0-x64-windows/bin/../lib/gcc/avr/15.2.0/avr5\libgcc.a(_mulshisi3.o)
 .debug_abbrev  0x00000656       0x14 C:/avr-gcc-15.2.0-x64-windows/bin/../lib/gcc/avr/15.2.0/avr5\libgcc.a(_prologue.o)
 .debug_abbrev  0x0000066a       0x14 C:/avr-gcc-15.2.0-x64-windows/bin/../lib/gcc/avr/15.2.0/avr5\libgcc.a(_epilogue.o)
 .debug_abbrev  0x0000067e       0x14 C:/avr-gcc-15.2.0-x64-windows/bin/../lib/gcc/avr/15.2.0/avr5\libgcc.a(_umulhisi3.o)
 .debug_abbrev  0x00000692       0x14 C:/avr-gcc-15.2.0-x64-windows/bin/../lib/gcc/avr/15.2.0/avr5\libgcc.a(_udivmodsi4.o)

.debug_line     0x00000000      0x85a
 *(.debug_line .debug_line.* .debug_line_end)
 .debug_line    0x00000000       0x1d C:/avr-gcc-15.2.0-x64-windows/bin/../lib/gcc/avr/15.2.0/../../../../avr/lib/avr5/crtatmega328p.o
 .debug_line    0x0000001d       0xb7 C:/avr-gcc-15.2.0-x64-windows/bin/../lib/gcc/avr/15.2.0/avr5\libgcc.a(_divmodhi4.o)
 .debug_line    0x000000d4       0x51 C:/avr-gcc-15.2.0-x64-windows/bin/../lib/gcc/avr/15.2.0/avr5\libgcc.a(_exit.o)
 .debug_line    0x00000125       0x87 C:/avr-gcc-15.2.0-x64-windows/bin/../lib/gcc/avr/15.2.0/avr5\libgcc.a(_copy_data.o)
 .debug_line    0x000001ac       0x75 C:/avr-gcc-15.2.0-x64-windows/bin/../lib/gcc/avr/15.2.0/avr5\libgcc.a(_clear_bss.o)
 .debug_line    0x00000221       0xbd C:/avr-gcc-15.2.0-x64-windows/bin/../lib/gcc/avr/15.2.0/avr5\libgcc.a(_udivmodhi4.o)
 .debug_line    0x000002de       0xbd C:/avr-gcc-15.2.0-x64-windows/bin/../lib/gcc/avr/15.2.0/avr5\libgcc.a(_divmodsi4.o)
 .debug_line    0x0000039b       0x51 C:/avr-gcc-15.2.0-x64-windows/bin/../lib/gcc/avr/15.2.0/avr5\libgcc.a(_negsi2.o)
 .debug_line    0x000003ec       0x81 C:/avr-gcc-15.2.0-x64-windows/bin/../lib/gcc/avr/15.2.0/avr5\libgcc.a(_muluhisi3.o)
 .debug_line    0x0000046d       0x69 C:/avr-gcc-15.2.0-x64-windows/bin/../lib/gcc/avr/15.2.0/avr5\libgcc.a(_mulshisi3.o)
 .debug_line    0x000004d6       0xed C:/avr-gcc-15.2.0-x64-windows/bin/../lib/gcc/avr/15.2.0/avr5\libgcc.a(_prologue.o)
 .debug_line    0x000005c3       0xe7 C:/avr-gcc-15.2.0-x64-windows/bin/../lib/gcc/avr/15.2.0/avr5\libgcc.a(_epilogue.o)
 .debug_line    0x000006aa       0x9f C:/avr-gcc-15.2.0-x64-windows/bin/../lib/gcc/avr/15.2.0/avr5\libgcc.a(_umulhisi3.o)
 .debug_line    0x00000749      0x111 C:/avr-gcc-15.2.0-x64-windows/bin/../lib/gcc/avr/15.2.0/avr5\libgcc.a(_udivmodsi4.o)

.debug_frame
 *(.debug_frame)

.debug_str      0x00000000      0x270
 *(.debug_str)
 .debug_str     0x00000000      0x208 C:/avr-gcc-15.2.0-x64-windows/bin/../lib/gcc/avr/15.2.0/../../../../avr/lib/avr5/crtatmega328p.o
 .debug_str     0x00000208       0x68 C:/avr-gcc-15.2.0-x64-windows/bin/../lib/gcc/avr/15.2.0/avr5\libgcc.a(_divmodhi4.o)
 .debug_str     0x00000270        0x0 C:/avr-gcc-15.2.0-x64-windows/bin/../lib/gcc/avr/15.2.0/avr5\libgcc.a(_exit.o)
                                 0x68 (size before relaxing)
 .debug_str     0x00000270        0x0 C:/avr-gcc-15.2.0-x64-windows/bin/../lib/gcc/avr/15.2.0/avr5\libgcc.a(_copy_data.o)
                                 0x68 (size before relaxing)
 .debug_str     0x00000270        0x0 C:/avr-gcc-15.2.0-x64-windows/bin/../lib/gcc/avr/15.2.0/avr5\libgcc.a(_clear_bss.o)
                                 0x68 (size before relaxing)
 .debug_str     0x00000270        0x0 C:/avr-gcc-15.2.0-x64-windows/bin/../lib/gcc/avr/15.2.0/avr5\libgcc.a(_udivmodhi4.o)
                                 0x68 (size before relaxing)
 .debug_str     0x00000270        0x0 C:/avr-gcc-15.2.0-x64-windows/bin/../lib/gcc/avr/15.2.0/avr5\libgcc.a(_divmodsi4.o)
                                 0x68 (size before relaxing)
 .debug_str     0x00000270        0x0 C:/avr-gcc-15.2.0-x64-windows/bin/../lib/gcc/avr/15.2.0/avr5\libgcc.a(_negsi2.o)
                                 0x68 (size before relaxing)
 .debug_str     0x00000270        0x0 C:/avr-gcc-15.2.0-x64-windows/bin/../lib/gcc/avr/15.2.0/avr5\libgcc.a(_muluhisi3.o)
                                 0x68 (size before relaxing)
 .debug_str     0x00000270        0x0 C:/avr-gcc-15.2.0-x64-windows/bin/../lib/gcc/avr/15.2.0/avr5\libgcc.a(_mulshisi3.o)
                                 0x68 (size before relaxing)
 .debug_str     0x00000270        0x0 C:/avr-gcc-15.2.0-x64-windows/bin/../lib/gcc/avr/15.2.0/avr5\libgcc.a(_prologue.o)
                                 0x68 (size before relaxing)
 .debug_str     0x00000270        0x0 C:/avr-gcc-15.2.0-x64-windows/bin/../lib/gcc/avr/15.2.0/avr5\libgcc.a(_epilogue.o)
                                 0x68 (size before relaxing)
 .debug_str     0x00000270        0x0 C:/avr-gcc-15.2.0-x64-windows/bin/../lib/gcc/avr/15.2.0/avr5\libgcc.a(_umulhisi3.o)
                                 0x68 (size before relaxing)
 .debug_str     0x00000270        0x0 C:/avr-gcc-15.2.0-x64-windows/bin/../lib/gcc/avr/15.2.0/avr5\libgcc.a(_udivmodsi4.o)
                                 0x68 (size before relaxing)

.debug_loc
 *(.debug_loc)

.debug_macinfo
 *(.debug_macinfo)

.debug_weaknames
 *(.debug_weaknames)

.debug_funcnames
 *(.debug_funcnames)

.debug_typenames
 *(.debug_typenames)

.debug_varnames
 *(.debug_varnames)

.debug_pubtypes
 *(.debug_pubtypes)

.debug_ranges
 *(.debug_ranges)

.debug_addr
 *(.debug_addr)

.debug_line_str
                0x00000000       0x5c
 *(.debug_line_str)
 .debug_line_str
                0x00000000       0x5c C:/avr-gcc-15.2.0-x64-windows/bin/../lib/gcc/avr/15.2.0/avr5\libgcc.a(_divmodhi4.o)
 .debug_line_str
                0x0000005c        0x0 C:/avr-gcc-15.2.0-x64-windows/bin/../lib/gcc/avr/15.2.0/avr5\libgcc.a(_exit.o)
                                 0x5c (size before relaxing)
 .debug_line_str
                0x0000005c        0x0 C:/avr-gcc-15.2.0-x64-windows/bin/../lib/gcc/avr/15.2.0/avr5\libgcc.a(_copy_data.o)
                                 0x5c (size before relaxing)
 .debug_line_str
                0x0000005c        0x0 C:/avr-gcc-15.2.0-x64-windows/bin/../lib/gcc/avr/15.2.0/avr5\libgcc.a(_clear_bss.o)
                                 0x5c (size before relaxing)
 .debug_line_str
                0x0000005c        0x0 C:/avr-gcc-15.2.0-x64-windows/bin/../lib/gcc/avr/15.2.0/avr5\libgcc.a(_udivmodhi4.o)
                                 0x5c (size before relaxing)
 .debug_line_str
                0x0000005c        0x0 C:/avr-gcc-15.2.0-x64-windows/bin/../lib/gcc/avr/15.2.0/avr5\libgcc.a(_divmodsi4.o)
                                 0x5c (size before relaxing)
 .debug_line_str
                0x0000005c        0x0 C:/avr-gcc-15.2.0-x64-windows/bin/../lib/gcc/avr/15.2.0/avr5\libgcc.a(_negsi2.o)
                                 0x5c (size before relaxing)
 .debug_line_str
                0x0000005c        0x0 C:/avr-gcc-15.2.0-x64-windows/bin/../lib/gcc/avr/15.2.0/avr5\libgcc.a(_muluhisi3.o)
                                 0x5c (size before relaxing)
 .debug_line_str
                0x0000005c        0x0 C:/avr-gcc-15.2.0-x64-windows/bin/../lib/gcc/avr/15.2.0/avr5\libgcc.a(_mulshisi3.o)
                                 0x5c (size before relaxing)
 .debug_line_str
                0x0000005c        0x0 C:/avr-gcc-15.2.0-x64-windows/bin/../lib/gcc/avr/15.2.0/avr5\libgcc.a(_prologue.o)
                                 0x5c (size before relaxing)
 .debug_line_str
                0x0000005c        0x0 C:/avr-gcc-15.2.0-x64-windows/bin/../lib/gcc/avr/15.2.0/avr5\libgcc.a(_epilogue.o)
                                 0x5c (size before relaxing)
 .debug_line_str
                0x0000005c        0x0 C:/avr-gcc-15.2.0-x64-windows/bin/../lib/gcc/avr/15.2.0/avr5\libgcc.a(_umulhisi3.o)
                                 0x5c (size before relaxing)
 .debug_line_str
                0x0000005c        0x0 C:/avr-gcc-15.2.0-x64-windows/bin/../lib/gcc/avr/15.2.0/avr5\libgcc.a(_udivmodsi4.o)
                                 0x5c (size before relaxing)

.debug_loclists
 *(.debug_loclists)

.debug_macro
 *(.debug_macro)

.debug_names
 *(.debug_names)

.debug_rnglists
 *(.debug_rnglists)

.debug_str_offsets
 *(.debug_str_offsets)

.debug_sup
 *(.debug_sup)
OUTPUT(program.elf elf32-avr)
LOAD linker stubs
